=== SEND 1 INICIADO ===
PID: 102050
Mensajes a enviar: 50
Cola creada/conectada: 20

[  1/ 50] Enviado: Send1-Msg001-C-Dato:0936 (delay=246ms)
[  2/ 50] Enviado: Send1-Msg002-H-Dato:0911 (delay=360ms)
[  3/ 50] Enviado: Send1-Msg003-m-Dato:0664 (delay=446ms)
[  4/ 50] Enviado: Send1-Msg004-c-Dato:0869 (delay=65ms)
[  5/ 50] Enviado: Send1-Msg005-f-Dato:0914 (delay=59ms)
[  6/ 50] Enviado: Send1-Msg006-N-Dato:0039 (delay=482ms)
[  7/ 50] Enviado: Send1-Msg007-r-Dato:0411 (delay=485ms)
[  8/ 50] Enviado: Send1-Msg008-W-Dato:0290 (delay=193ms)
[  9/ 50] Enviado: Send1-Msg009-e-Dato:0694 (delay=237ms)
[ 10/ 50] Enviado: Send1-Msg010-L-Dato:0639 (delay=121ms)
[ 11/ 50] Enviado: Send1-Msg011-X-Dato:0925 (delay=187ms)
[ 12/ 50] Enviado: Send1-Msg012-J-Dato:0435 (delay=287ms)
[ 13/ 50] Enviado: Send1-Msg013-d-Dato:0303 (delay=302ms)
[ 14/ 50] Enviado: Send1-Msg014-H-Dato:0217 (delay=67ms)
[ 15/ 50] Enviado: Send1-Msg015-M-Dato:0607 (delay=255ms)
[ 16/ 50] Enviado: Send1-Msg016-j-Dato:0369 (delay=239ms)
[ 17/ 50] Enviado: Send1-Msg017-n-Dato:0750 (delay=372ms)
[ 18/ 50] Enviado: Send1-Msg018-H-Dato:0851 (delay=289ms)
[ 19/ 50] Enviado: Send1-Msg019-C-Dato:0777 (delay=318ms)
[ 20/ 50] Enviado: Send1-Msg020-I-Dato:0834 (delay=334ms)
[ 21/ 50] Enviado: Send1-Msg021-p-Dato:0595 (delay=295ms)
[ 22/ 50] Enviado: Send1-Msg022-g-Dato:0214 (delay=178ms)
[ 23/ 50] Enviado: Send1-Msg023-a-Dato:0862 (delay=185ms)
[ 24/ 50] Enviado: Send1-Msg024-s-Dato:0393 (delay=305ms)
[ 25/ 50] Enviado: Send1-Msg025-n-Dato:0857 (delay=312ms)
[ 26/ 50] Enviado: Send1-Msg026-q-Dato:0894 (delay=381ms)
[ 27/ 50] Enviado: Send1-Msg027-B-Dato:0783 (delay=441ms)
[ 28/ 50] Enviado: Send1-Msg028-h-Dato:0432 (delay=466ms)
[ 29/ 50] Enviado: Send1-Msg029-b-Dato:0118 (delay=51ms)
[ 30/ 50] Enviado: Send1-Msg030-j-Dato:0303 (delay=91ms)
[ 31/ 50] Enviado: Send1-Msg031-W-Dato:0898 (delay=336ms)
[ 32/ 50] Enviado: Send1-Msg032-t-Dato:0463 (delay=220ms)
[ 33/ 50] Enviado: Send1-Msg033-c-Dato:0858 (delay=165ms)
[ 34/ 50] Enviado: Send1-Msg034-T-Dato:0496 (delay=333ms)
[ 35/ 50] Enviado: Send1-Msg035-d-Dato:0148 (delay=305ms)
[ 36/ 50] Enviado: Send1-Msg036-Y-Dato:0020 (delay=185ms)
[ 37/ 50] Enviado: Send1-Msg037-s-Dato:0048 (delay=117ms)
[ 38/ 50] Enviado: Send1-Msg038-Z-Dato:0927 (delay=251ms)
[ 39/ 50] Enviado: Send1-Msg039-v-Dato:0933 (delay=447ms)
[ 40/ 50] Enviado: Send1-Msg040-v-Dato:0900 (delay=456ms)
[ 41/ 50] Enviado: Send1-Msg041-R-Dato:0063 (delay=455ms)
[ 42/ 50] Enviado: Send1-Msg042-T-Dato:0271 (delay=453ms)
[ 43/ 50] Enviado: Send1-Msg043-n-Dato:0691 (delay=343ms)
[ 44/ 50] Enviado: Send1-Msg044-q-Dato:0504 (delay=487ms)
[ 45/ 50] Enviado: Send1-Msg045-o-Dato:0173 (delay=199ms)
[ 46/ 50] Enviado: Send1-Msg046-R-Dato:0735 (delay=242ms)
[ 47/ 50] Enviado: Send1-Msg047-L-Dato:0283 (delay=195ms)
[ 48/ 50] Enviado: Send1-Msg048-i-Dato:0761 (delay=485ms)
[ 49/ 50] Enviado: Send1-Msg049-o-Dato:0529 (delay=443ms)
[ 50/ 50] Enviado: Send1-Msg050-j-Dato:0307 (delay=299ms)

=== SEND 1 FINALIZADO ===
Total enviado: 50 mensajes + 1 FIN
