=== SEND 1 INICIADO ===
PID: 99398
Mensajes a enviar: 50
Cola creada/conectada: 18

[  1/ 50] Enviado: Send1-Msg001-i-Dato:0818 (delay=389ms)
[  2/ 50] Enviado: Send1-Msg002-L-Dato:0452 (delay=238ms)
[  3/ 50] Enviado: Send1-Msg003-F-Dato:0414 (delay=220ms)
[  4/ 50] Enviado: Send1-Msg004-E-Dato:0471 (delay=272ms)
[  5/ 50] Enviado: Send1-Msg005-j-Dato:0246 (delay=132ms)
[  6/ 50] Enviado: Send1-Msg006-I-Dato:0562 (delay=483ms)
[  7/ 50] Enviado: Send1-Msg007-B-Dato:0298 (delay=493ms)
[  8/ 50] Enviado: Send1-Msg008-s-Dato:0311 (delay=471ms)
[  9/ 50] Enviado: Send1-Msg009-d-Dato:0103 (delay=218ms)
[ 10/ 50] Enviado: Send1-Msg010-F-Dato:0118 (delay=498ms)
[ 11/ 50] Enviado: Send1-Msg011-Y-Dato:0552 (delay=334ms)
[ 12/ 50] Enviado: Send1-Msg012-A-Dato:0277 (delay=231ms)
[ 13/ 50] Enviado: Send1-Msg013-F-Dato:0252 (delay=79ms)
[ 14/ 50] Enviado: Send1-Msg014-B-Dato:0074 (delay=301ms)
[ 15/ 50] Enviado: Send1-Msg015-c-Dato:0671 (delay=383ms)
[ 16/ 50] Enviado: Send1-Msg016-k-Dato:0232 (delay=121ms)
[ 17/ 50] Enviado: Send1-Msg017-d-Dato:0530 (delay=320ms)
[ 18/ 50] Enviado: Send1-Msg018-y-Dato:0192 (delay=497ms)
[ 19/ 50] Enviado: Send1-Msg019-U-Dato:0003 (delay=258ms)
[ 20/ 50] Enviado: Send1-Msg020-H-Dato:0959 (delay=498ms)
[ 21/ 50] Enviado: Send1-Msg021-c-Dato:0085 (delay=176ms)
[ 22/ 50] Enviado: Send1-Msg022-H-Dato:0661 (delay=456ms)
[ 23/ 50] Enviado: Send1-Msg023-y-Dato:0355 (delay=455ms)
[ 24/ 50] Enviado: Send1-Msg024-f-Dato:0091 (delay=183ms)
[ 25/ 50] Enviado: Send1-Msg025-B-Dato:0890 (delay=245ms)
[ 26/ 50] Enviado: Send1-Msg026-E-Dato:0295 (delay=56ms)
[ 27/ 50] Enviado: Send1-Msg027-h-Dato:0899 (delay=309ms)
[ 28/ 50] Enviado: Send1-Msg028-z-Dato:0326 (delay=469ms)
[ 29/ 50] Enviado: Send1-Msg029-P-Dato:0392 (delay=229ms)
[ 30/ 50] Enviado: Send1-Msg030-V-Dato:0168 (delay=431ms)
[ 31/ 50] Enviado: Send1-Msg031-H-Dato:0361 (delay=136ms)
[ 32/ 50] Enviado: Send1-Msg032-u-Dato:0728 (delay=68ms)
[ 33/ 50] Enviado: Send1-Msg033-O-Dato:0419 (delay=216ms)
[ 34/ 50] Enviado: Send1-Msg034-M-Dato:0767 (delay=331ms)
[ 35/ 50] Enviado: Send1-Msg035-W-Dato:0280 (delay=270ms)
[ 36/ 50] Enviado: Send1-Msg036-E-Dato:0398 (delay=429ms)
[ 37/ 50] Enviado: Send1-Msg037-I-Dato:0635 (delay=324ms)
[ 38/ 50] Enviado: Send1-Msg038-L-Dato:0559 (delay=289ms)
[ 39/ 50] Enviado: Send1-Msg039-F-Dato:0917 (delay=312ms)
[ 40/ 50] Enviado: Send1-Msg040-Y-Dato:0163 (delay=73ms)
[ 41/ 50] Enviado: Send1-Msg041-I-Dato:0062 (delay=58ms)
[ 42/ 50] Enviado: Send1-Msg042-h-Dato:0517 (delay=62ms)
[ 43/ 50] Enviado: Send1-Msg043-t-Dato:0806 (delay=268ms)
[ 44/ 50] Enviado: Send1-Msg044-j-Dato:0530 (delay=254ms)
[ 45/ 50] Enviado: Send1-Msg045-C-Dato:0468 (delay=270ms)
[ 46/ 50] Enviado: Send1-Msg046-m-Dato:0584 (delay=163ms)
[ 47/ 50] Enviado: Send1-Msg047-K-Dato:0815 (delay=211ms)
[ 48/ 50] Enviado: Send1-Msg048-C-Dato:0042 (delay=478ms)
[ 49/ 50] Enviado: Send1-Msg049-S-Dato:0103 (delay=57ms)
[ 50/ 50] Enviado: Send1-Msg050-U-Dato:0354 (delay=474ms)

=== SEND 1 FINALIZADO ===
Total enviado: 50 mensajes + 1 FIN
