Error al recibir mensaje: Invalid argument
Error al eliminar cola de mensajes: Invalid argument
=== RECEIVE INICIADO ===
PID: 99351
Modo: lento (delay=2000ms)
Esperando mensajes de 1 send(s)...

Conectado a cola: 18

[  1] Recibido: Send1-Msg001-i-Dato:0818
[  2] Recibido: Send1-Msg002-L-Dato:0452
[  3] Recibido: Send1-Msg003-F-Dato:0414
[  4] Recibido: Send1-Msg004-E-Dato:0471
[  5] Recibido: Send1-Msg005-j-Dato:0246
[  6] Recibido: Send1-Msg006-I-Dato:0562
[  7] Recibido: Send1-Msg007-B-Dato:0298
[  8] Recibido: Send1-Msg008-s-Dato:0311
[  9] Recibido: Send1-Msg009-d-Dato:0103
[ 10] Recibido: Send1-Msg010-F-Dato:0118
    └─ Send:1 Sec:10 Dato:118
[ 11] Recibido: Send1-Msg011-Y-Dato:0552
[ 12] Recibido: Send1-Msg012-A-Dato:0277
[ 13] Recibido: Send1-Msg013-F-Dato:0252
[ 14] Recibido: Send1-Msg014-B-Dato:0074
[ 15] Recibido: Send1-Msg015-c-Dato:0671
[ 16] Recibido: Send1-Msg016-k-Dato:0232
[ 17] Recibido: Send1-Msg017-d-Dato:0530
[ 18] Recibido: Send1-Msg018-y-Dato:0192
[ 19] Recibido: Send1-Msg019-U-Dato:0003
[ 20] Recibido: Send1-Msg020-H-Dato:0959
    └─ Send:1 Sec:20 Dato:959
[ 21] Recibido: Send1-Msg021-c-Dato:0085
[ 22] Recibido: Send1-Msg022-H-Dato:0661
[ 23] Recibido: Send1-Msg023-y-Dato:0355
[ 24] Recibido: Send1-Msg024-f-Dato:0091
[ 25] Recibido: Send1-Msg025-B-Dato:0890
[ 26] Recibido: Send1-Msg026-E-Dato:0295
[ 27] Recibido: Send1-Msg027-h-Dato:0899
[ 28] Recibido: Send1-Msg028-z-Dato:0326
[ 29] Recibido: Send1-Msg029-P-Dato:0392
[ 30] Recibido: Send1-Msg030-V-Dato:0168
    └─ Send:1 Sec:30 Dato:168
[ 31] Recibido: Send1-Msg031-H-Dato:0361
[ 32] Recibido: Send1-Msg032-u-Dato:0728
[ 33] Recibido: Send1-Msg033-O-Dato:0419
[ 34] Recibido: Send1-Msg034-M-Dato:0767
[ 35] Recibido: Send1-Msg035-W-Dato:0280
[ 36] Recibido: Send1-Msg036-E-Dato:0398
[ 37] Recibido: Send1-Msg037-I-Dato:0635
[ 38] Recibido: Send1-Msg038-L-Dato:0559
[ 39] Recibido: Send1-Msg039-F-Dato:0917
[ 40] Recibido: Send1-Msg040-Y-Dato:0163
    └─ Send:1 Sec:40 Dato:163
[ 41] Recibido: Send1-Msg041-I-Dato:0062
[ 42] Recibido: Send1-Msg043-t-Dato:0806
[ 43] Recibido: Send1-Msg048-C-Dato:0042

=== RECEIVE FINALIZADO ===
Total mensajes procesados: 43
Tiempo total: 88 segundos
Velocidad promedio: 0.49 msg/s

Eliminando cola de mensajes...
